[2026-07-17 13:15:11] system: update {"neuron_id":31,"fields":["data"]}
[2026-07-17 13:16:17] system: update {"neuron_id":25,"fields":["data"]}
[2026-07-17 13:16:25] system: user_logout {"login":"admin"}
[2026-07-17 13:16:45] system: create {"neuron_id":48,"type":"user","pid":null}
[2026-07-17 13:16:48] system: user_login {"login":"jan"}
[2026-07-17 13:16:59] system: update {"neuron_id":48,"fields":["data"]}
[2026-07-21 10:11:05] system: user_login {"login":"admin"}
[2026-08-24 09:20:17] system: user_login {"login":"admin"}
[2026-08-24 09:20:27] system: update {"neuron_id":1,"fields":["text"]}
[2026-08-24 09:20:27] system: create {"neuron_id":75,"type":"tree","pid":null}
[2026-08-24 09:20:27] system: create {"neuron_id":76,"type":"tree","pid":29}
[2026-08-24 09:20:27] system: create {"neuron_id":77,"type":"tree","pid":76}
[2026-08-24 09:20:27] system: create {"neuron_id":78,"type":"tree","pid":77}
[2026-08-24 09:20:27] system: create {"neuron_id":79,"type":"tree","pid":77}
[2026-08-24 09:20:27] system: create {"neuron_id":80,"type":"tree","pid":77}
[2026-08-24 09:20:27] system: create {"neuron_id":81,"type":"tree","pid":76}
[2026-08-24 09:20:27] system: create {"neuron_id":82,"type":"tree","pid":81}
[2026-08-24 09:20:27] system: create {"neuron_id":83,"type":"tree","pid":81}
[2026-08-24 09:20:27] system: create {"neuron_id":84,"type":"tree","pid":76}
[2026-08-24 09:20:27] system: create {"neuron_id":85,"type":"tree","pid":84}
[2026-08-24 09:20:27] system: create {"neuron_id":86,"type":"tree","pid":84}
[2026-08-24 09:20:27] system: create {"neuron_id":87,"type":"tree","pid":84}
[2026-08-24 09:20:27] system: create {"neuron_id":88,"type":"tree","pid":29}
[2026-08-24 09:20:27] system: create {"neuron_id":89,"type":"tree","pid":88}
[2026-08-24 09:20:27] system: create {"neuron_id":90,"type":"tree","pid":88}
[2026-08-24 09:20:27] system: create {"neuron_id":91,"type":"tree","pid":88}
[2026-08-24 09:20:27] system: create {"neuron_id":92,"type":"tree","pid":88}
[2026-08-24 09:20:27] system: create {"neuron_id":93,"type":"tree","pid":88}
[2026-08-24 09:20:27] system: create {"neuron_id":94,"type":"tree","pid":88}
[2026-08-24 09:20:27] system: create {"neuron_id":95,"type":"tree","pid":88}
[2026-08-24 09:20:27] system: create {"neuron_id":96,"type":"tree","pid":29}
[2026-08-24 09:20:27] system: create {"neuron_id":97,"type":"tree","pid":96}
[2026-08-24 09:20:27] system: create {"neuron_id":98,"type":"tree","pid":97}
[2026-08-24 09:20:27] system: create {"neuron_id":99,"type":"tree","pid":97}
[2026-08-24 09:20:27] system: create {"neuron_id":100,"type":"tree","pid":29}
[2026-08-24 09:20:27] system: create {"neuron_id":101,"type":"tree","pid":100}
[2026-08-24 09:20:27] system: create {"neuron_id":102,"type":"tree","pid":100}
[2026-08-24 09:20:27] system: create {"neuron_id":103,"type":"item","pid":null}
[2026-08-24 09:20:27] system: create {"neuron_id":104,"type":"item","pid":103}
[2026-08-24 09:20:27] system: create {"neuron_id":105,"type":"item","pid":104}
[2026-08-24 09:20:27] system: create {"neuron_id":106,"type":"item","pid":105}
[2026-08-24 09:20:27] system: create {"neuron_id":107,"type":"item","pid":105}
[2026-08-24 09:20:27] system: create {"neuron_id":108,"type":"item","pid":105}
[2026-08-24 09:20:27] system: create {"neuron_id":109,"type":"item","pid":105}
[2026-08-24 09:20:27] system: create {"neuron_id":110,"type":"item","pid":105}
[2026-08-24 09:20:27] system: create {"neuron_id":111,"type":"item","pid":105}
[2026-08-24 09:20:27] system: create {"neuron_id":112,"type":"item","pid":105}
[2026-08-24 09:20:27] system: create {"neuron_id":113,"type":"item","pid":105}
[2026-08-24 09:20:27] system: create {"neuron_id":114,"type":"item","pid":105}
[2026-08-24 09:20:27] system: create {"neuron_id":115,"type":"item","pid":105}
[2026-08-24 09:20:27] system: create {"neuron_id":116,"type":"item","pid":105}
[2026-08-24 09:20:27] system: create {"neuron_id":117,"type":"item","pid":105}
[2026-08-24 09:20:28] system: create {"neuron_id":118,"type":"item","pid":105}
[2026-08-24 09:20:28] system: create {"neuron_id":119,"type":"item","pid":105}
[2026-08-24 09:20:28] system: create {"neuron_id":120,"type":"item","pid":105}
[2026-08-24 09:20:28] system: create {"neuron_id":121,"type":"item","pid":105}
[2026-08-24 09:20:28] system: create {"neuron_id":122,"type":"item","pid":105}
[2026-08-24 09:20:28] system: create {"neuron_id":123,"type":"item","pid":105}
[2026-08-24 09:20:28] system: create {"neuron_id":124,"type":"item","pid":105}
[2026-08-24 09:20:28] system: create {"neuron_id":125,"type":"item","pid":105}
[2026-08-24 09:20:28] system: create {"neuron_id":126,"type":"item","pid":105}
[2026-08-24 09:20:28] system: create {"neuron_id":127,"type":"item","pid":105}
[2026-08-24 09:20:28] system: create {"neuron_id":128,"type":"item","pid":105}
[2026-08-24 09:20:28] system: create {"neuron_id":129,"type":"item","pid":105}
[2026-08-24 09:20:28] system: create {"neuron_id":130,"type":"item","pid":105}
[2026-08-24 09:20:28] system: import_excel {"file":"Trinity.xlsx","created":53,"errors":0}
[2026-08-25 11:35:45] system: user_login {"login":"admin"}
